\BOOKMARK [0][-]{chapter.1}{\376\377\170\024\172\166\200\314\146\157\060\150\226\373\122\233\136\002\130\064\060\156\151\313\220\040\131\011\123\026}{}% 1
\BOOKMARK [1][-]{section.1.1}{\376\377\116\026\165\114\060\156\060\250\060\315\060\353\060\256\060\374\140\305\122\342\060\150\226\373\122\233\136\002\130\064\060\156\131\011\133\271}{chapter.1}% 2
\BOOKMARK [1][-]{section.1.2}{\376\377\145\345\147\054\060\156\226\373\122\233\060\267\060\271\060\306\060\340\145\071\227\151\060\150\136\002\130\064\151\313\220\040}{chapter.1}% 3
\BOOKMARK [1][-]{section.1.3}{\376\377\145\260\226\373\122\233\060\156\060\323\060\270\060\315\060\271\060\342\060\307\060\353}{chapter.1}% 4
\BOOKMARK [1][-]{section.1.4}{\376\377\123\170\226\373\122\233\136\002\130\064\060\156\212\163\175\060}{chapter.1}% 5
\BOOKMARK [1][-]{section.1.5}{\376\377\120\022\165\043\060\373\220\000\121\372\060\373\175\231\175\232\060\156\133\232\177\251}{chapter.1}% 6
\BOOKMARK [1][-]{section.1.6}{\376\377\145\260\226\373\122\233\060\156\060\352\060\271\060\257\151\313\220\040}{chapter.1}% 7
\BOOKMARK [1][-]{section.1.7}{\376\377\147\054\172\340\060\156\060\176\060\150\060\201}{chapter.1}% 8
\BOOKMARK [0][-]{chapter.2}{\376\377\125\117\230\114\141\017\213\130\060\150\170\024\172\166\166\356\166\204}{}% 9
\BOOKMARK [1][-]{section.2.1}{\376\377\170\024\172\166\212\262\230\114\060\156\142\100\127\050}{chapter.2}% 10
\BOOKMARK [1][-]{section.2.2}{\376\377\137\223\147\145\060\342\060\307\060\353\060\156\226\120\165\114}{chapter.2}% 11
\BOOKMARK [1][-]{section.2.3}{\376\377\125\117\230\114\141\017\213\130}{chapter.2}% 12
\BOOKMARK [1][-]{section.2.4}{\376\377\170\024\172\166\122\325\152\137\377\010\173\106\200\005\060\156\117\001\151\155\175\114\232\023\377\011}{chapter.2}% 13
\BOOKMARK [1][-]{section.2.5}{\376\377\170\024\172\166\166\356\166\204}{chapter.2}% 14
\BOOKMARK [1][-]{section.2.6}{\376\377\147\054\170\024\172\166\060\156\117\115\177\156\060\145\060\121}{chapter.2}% 15
\BOOKMARK [0][-]{chapter.3}{\376\377\145\260\226\373\122\233\060\156\120\022\165\043\151\313\220\040\060\150\116\356\212\254}{}% 16
\BOOKMARK [1][-]{section.3.1}{\376\377\145\260\226\373\122\233\120\022\165\043\060\156\162\171\137\264\377\032\116\000\202\054\120\022\165\043\170\024\172\166\060\150\060\156\166\370\220\125\160\271}{chapter.3}% 17
\BOOKMARK [1][-]{section.3.2}{\376\377\116\224\060\144\060\156\060\352\060\271\060\257\060\156\175\161\124\010\377\032\126\333\211\201\175\040\060\342\060\307\060\353\060\170\060\156\142\275\214\141\123\026}{chapter.3}% 18
\BOOKMARK [1][-]{section.3.3}{\376\377\000m\000u\000l\000t\000i\000p\000l\000i\000c\000a\000t\000i\000v\000e\000\040\120\022\165\043\151\313\220\040\377\032\116\224\060\144\060\156\060\352\060\271\060\257\060\114\124\014\146\102\060\153\140\252\123\026\060\131\060\213\163\376\214\141}{chapter.3}% 19
\BOOKMARK [1][-]{section.3.4}{\376\377\145\260\226\373\122\233\136\002\130\064\060\153\060\112\060\121\060\213\120\022\165\043\151\313\220\040\377\032\126\333\211\201\175\040\060\342\060\307\060\353\060\156\117\115\177\156\060\145\060\121}{chapter.3}% 20
\BOOKMARK [1][-]{section.3.5}{\376\377\147\054\170\024\172\166\060\156\116\356\212\254\377\010\000H\0001\060\034\000H\0004\377\011}{chapter.3}% 21
\BOOKMARK [1][-]{section.3.6}{\376\377\147\054\172\340\060\156\060\176\060\150\060\201\060\150\173\054\0004\172\340\060\170\060\156\143\245\175\232}{chapter.3}% 22
\BOOKMARK [0][-]{chapter.4}{\376\377\164\006\212\326\147\240\175\104\060\177\377\032\000M\000e\000r\000t\000o\000n\000\040\060\342\060\307\060\353\377\014\000B\000\046\000S\000\040\000\050\0002\0000\0000\0008\000\051\377\014\060\112\060\210\060\163\147\054\170\024\172\166\060\156\175\332\137\142\120\022\165\043\215\335\226\342}{}% 23
\BOOKMARK [1][-]{section.4.1}{\376\377\120\022\165\043\164\006\212\326\060\156\117\115\177\156\060\145\060\121\060\150\147\054\170\024\172\166\060\114\000\040\000M\000e\000r\000t\000o\000n\000\040\127\213\060\342\060\307\060\353\060\222\143\241\165\050\060\131\060\213\164\006\165\061}{chapter.4}% 24
\BOOKMARK [1][-]{section.4.2}{\376\377\000M\000e\000r\000t\000o\000n\000\040\060\342\060\307\060\353\377\032\000m\000u\000l\000t\000i\000p\000l\000i\000c\000a\000t\000i\000v\000e\000\040\041\222\000\040\000l\000o\000g\000\040\041\222\000\040\000l\000i\000n\000e\000a\000r\000\040\060\156\151\313\220\040}{chapter.4}% 25
\BOOKMARK [1][-]{section.4.3}{\376\377\000B\000h\000a\000r\000a\000t\000h\000\040\000\046\000\040\000S\000h\000u\000m\000w\000a\000y\000\040\000\050\0002\0000\0000\0008\000\051\377\032\120\022\165\043\215\335\226\342\060\156\175\332\137\142\123\026\060\150\000\040\000p\000r\000o\000x\000y\000\040\123\026}{chapter.4}% 26
\BOOKMARK [1][-]{section.4.4}{\376\377\147\054\170\024\172\166\060\156\175\332\137\142\120\022\165\043\215\335\226\342\000\040\000Z\000l\000i\000n\377\032\145\260\226\373\122\233\117\001\151\155\060\170\060\156\121\231\120\317}{chapter.4}% 27
\BOOKMARK [1][-]{section.4.5}{\376\377\220\043\175\232\166\204\120\022\165\043\215\335\226\342\000\040\000Z\000l\000i\000n\000\040\060\150\000\040\000O\000r\000d\000e\000r\000e\000d\000\040\000L\000o\000g\000i\000t\000\040\060\156\143\245\175\232}{chapter.4}% 28
\BOOKMARK [1][-]{section.4.6}{\376\377\000B\000h\000a\000r\000a\000t\000h\000\040\000\046\000\040\000S\000h\000u\000m\000w\000a\000y\000\040\000\050\0002\0000\0000\0008\000\051\000\040\060\150\147\054\170\024\172\166\060\156\153\324\217\003}{chapter.4}% 29
\BOOKMARK [0][-]{chapter.5}{\376\377\000O\000r\000d\000e\000r\000e\000d\000\040\000L\000o\000g\000i\000t\000\040\060\342\060\307\060\353\377\032\120\022\165\043\215\335\226\342\000\040\000Z\000l\000i\000n\000\040\060\156\226\342\145\143\123\026\060\150\143\250\133\232}{}% 30
\BOOKMARK [1][-]{section.5.1}{\376\377\164\006\212\326\060\342\060\307\060\353\060\373\175\161\212\010\060\342\060\307\060\353\060\373\170\272\163\207\060\342\060\307\060\353\060\156\116\011\134\144\151\313\220\040}{chapter.5}% 31
\BOOKMARK [1][-]{section.5.2}{\376\377\000O\000r\000d\000e\000r\000e\000d\000\040\000L\000o\000g\000i\000t\000\040\060\156\157\134\127\050\131\011\145\160\151\313\220\040}{chapter.5}% 32
\BOOKMARK [1][-]{section.5.3}{\376\377\000O\000r\000d\000e\000r\000e\000d\000\040\000L\000o\000g\000i\000t\000\040\060\156\225\276\120\044\151\313\220\040\377\010\000c\000u\000t\000p\000o\000i\000n\000t\000s\377\011}{chapter.5}% 33
\BOOKMARK [1][-]{section.5.4}{\376\377\175\332\137\142\120\022\165\043\215\335\226\342\000\040\000Z\000l\000i\000n\000\040\060\150\157\134\127\050\131\011\145\160\000\040\000y\000*\000\040\060\156\151\313\220\040\166\204\133\376\137\334}{chapter.5}% 34
\BOOKMARK [1][-]{section.5.5}{\376\377\000O\000r\000d\000e\000r\000e\000d\000\040\000L\000o\000g\000i\000t\000\040\060\156\170\272\163\207\137\017\060\150\000\040\000M\000L\000E\000\040\060\153\060\210\060\213\143\250\133\232}{chapter.5}% 35
\BOOKMARK [1][-]{section.5.6}{\376\377\212\030\123\367\145\164\164\006}{chapter.5}% 36
\BOOKMARK [1][-]{section.5.7}{\376\377\147\054\172\340\060\156\060\176\060\150\060\201}{chapter.5}% 37
\BOOKMARK [0][-]{chapter.6}{\376\377\145\345\147\054\117\001\151\155\060\307\060\374\060\277\151\313\173\311\060\150\131\011\145\160\133\232\177\251\377\032\126\333\211\201\175\040\060\342\060\307\060\353\060\156\133\237\212\074\166\204\121\231\120\317}{}% 38
\BOOKMARK [1][-]{section.6.1}{\376\377\147\054\172\340\060\156\166\356\166\204\060\150\127\372\147\054\145\271\221\335}{chapter.6}% 39
\BOOKMARK [1][-]{section.6.2}{\376\377\060\307\060\374\060\277\123\316\226\306\060\156\121\150\117\123\120\317}{chapter.6}% 40
\BOOKMARK [1][-]{section.6.3}{\376\377\214\241\122\331\060\307\060\374\060\277\060\156\121\346\164\006}{chapter.6}% 41
\BOOKMARK [1][-]{section.6.4}{\376\377\136\002\130\064\060\307\060\374\060\277\377\032\060\271\060\335\060\303\060\310\117\241\150\074\060\156\143\250\171\373}{chapter.6}% 42
\BOOKMARK [1][-]{section.6.5}{\376\377\164\006\212\326\060\342\060\307\060\353\060\156\126\333\211\201\175\040\060\156\133\237\212\074\166\204\121\231\120\317}{chapter.6}% 43
\BOOKMARK [1][-]{section.6.6}{\376\377\120\022\165\043\215\335\226\342\000\040\000D\000D\000\040\060\156\147\010\153\041\212\010\173\227}{chapter.6}% 44
\BOOKMARK [1][-]{section.6.7}{\376\377\212\030\217\360\175\161\212\010\377\010\0007\171\076\162\110\377\011}{chapter.6}% 45
\BOOKMARK [1][-]{section.6.8}{\376\377\147\054\172\340\060\156\060\176\060\150\060\201}{chapter.6}% 46
\BOOKMARK [0][-]{chapter.7}{\376\377\164\006\212\326\060\342\060\307\060\353\060\153\127\372\060\145\060\117\060\267\060\337\060\345\060\354\060\374\060\267\060\347\060\363\122\006\147\220}{}% 47
\BOOKMARK [1][-]{section.7.1}{\376\377\147\054\172\340\060\156\166\356\166\204\060\150\117\115\177\156\060\145\060\121}{chapter.7}% 48
\BOOKMARK [1][-]{section.7.2}{\376\377\175\332\137\142\120\022\165\043\215\335\226\342\060\222\165\050\060\104\060\213\153\143\137\123\140\047}{chapter.7}% 49
\BOOKMARK [1][-]{section.7.3}{\376\377\226\120\165\114\060\150\154\350\141\017\160\271}{chapter.7}% 50
\BOOKMARK [1][-]{section.7.4}{\376\377\0004\131\011\145\160\060\156\162\354\172\313\140\047\060\153\225\242\060\131\060\213\122\115\143\320\060\150\060\135\060\156\153\143\137\123\123\026}{chapter.7}% 51
\BOOKMARK [1][-]{section.7.5}{\376\377\060\267\060\337\060\345\060\354\060\374\060\267\060\347\060\363\060\156\212\055\133\232}{chapter.7}% 52
\BOOKMARK [1][-]{section.7.6}{\376\377\131\011\145\160\225\223\060\156\166\370\116\222\225\242\117\302\060\222\200\003\141\156\060\127\060\137\060\267\060\337\060\345\060\354\060\374\060\267\060\347\060\363}{chapter.7}% 53
\BOOKMARK [1][-]{section.7.7}{\376\377\123\357\211\226\123\026\060\150\060\261\060\374\060\271\153\324\217\003}{chapter.7}% 54
\BOOKMARK [1][-]{section.7.8}{\376\377\000B\000\046\000S\000\040\127\213\120\022\165\043\060\352\060\271\060\257\060\267\060\337\060\345\060\354\060\374\060\267\060\347\060\363}{chapter.7}% 55
\BOOKMARK [0][-]{chapter.8}{\376\377\133\237\212\074\060\342\060\307\060\353\060\156\151\313\173\311\377\032\157\134\127\050\120\022\165\043\215\335\226\342\000\040\000Z\000l\000i\000n\000\040\060\150\060\355\060\270\060\303\060\310\143\250\133\232}{}% 56
\BOOKMARK [1][-]{section.8.1}{\376\377\147\054\172\340\060\156\166\356\166\204}{chapter.8}% 57
\BOOKMARK [1][-]{section.8.2}{\376\377\157\134\127\050\120\022\165\043\215\335\226\342\000\040\000Z\000l\000i\000n\000\040\060\156\121\215\143\262}{chapter.8}% 58
\BOOKMARK [1][-]{section.8.3}{\376\377\060\355\060\270\060\303\060\310\060\342\060\307\060\353\060\156\133\232\137\017\123\026}{chapter.8}% 59
\BOOKMARK [1][-]{section.8.4}{\376\377\166\370\116\222\117\134\165\050\230\005\060\222\134\016\121\145\060\127\060\137\142\341\137\065\060\355\060\270\060\303\060\310\060\342\060\307\060\353}{chapter.8}% 60
\BOOKMARK [1][-]{section.8.5}{\376\377\164\006\212\326\166\204\173\046\123\367\147\141\116\366}{chapter.8}% 61
\BOOKMARK [1][-]{section.8.6}{\376\377\213\130\122\045\060\156\200\003\060\110\145\271}{chapter.8}% 62
\BOOKMARK [1][-]{section.8.7}{\376\377\147\054\172\340\060\156\060\176\060\150\060\201}{chapter.8}% 63
\BOOKMARK [0][-]{chapter.9}{\376\377\133\237\212\074\122\006\147\220\377\032\120\022\165\043\153\265\226\216\060\342\060\307\060\353\060\153\060\210\060\213\145\260\226\373\122\233\117\001\151\155\060\156\120\022\165\043\060\352\060\271\060\257\122\006\147\220}{}% 64
\BOOKMARK [1][-]{section.9.1}{\376\377\120\022\165\043\060\156\153\265\226\216\140\047\060\150\137\223\134\136\131\011\145\160\060\156\121\215\133\232\177\251}{chapter.9}% 65
\BOOKMARK [1][-]{section.9.2}{\376\377\000O\000r\000d\000e\000r\000e\000d\000\040\000L\000o\000g\000i\000t\000\040\060\342\060\307\060\353\060\156\164\006\212\326\151\313\220\040}{chapter.9}% 66
\BOOKMARK [1][-]{section.9.3}{\376\377\143\250\133\232\142\113\230\006\060\150\175\120\147\234}{chapter.9}% 67
\BOOKMARK [1][-]{section.9.4}{\376\377\120\022\165\043\060\271\060\306\060\374\060\270\170\272\163\207\060\156\122\325\133\146\166\204\143\250\171\373}{chapter.9}% 68
\BOOKMARK [1][-]{section.9.5}{\376\377\120\022\165\043\170\272\163\207\060\156\136\164\153\041\136\163\127\107\060\150\120\022\165\043\116\366\145\160\060\156\153\324\217\003}{chapter.9}% 69
\BOOKMARK [1][-]{section.9.6}{\376\377\175\317\124\010\212\125\117\241}{chapter.9}% 70
\BOOKMARK [1][-]{section.9.7}{\376\377\202\361\126\375\136\002\130\064\060\170\060\156\142\341\137\065\377\010\147\240\175\104\060\177\377\011}{chapter.9}% 71
\BOOKMARK [0][-]{appendix*.124}{\376\377\116\330\223\062\000\040\000A\377\032\000M\000e\000r\000t\000o\000n\000\040\060\342\060\307\060\353\060\153\060\112\060\121\060\213\120\022\165\043\215\335\226\342\060\156\145\160\133\146\166\204\134\016\121\372}{}% 72
\BOOKMARK [1][-]{section*.125}{\376\377\000A\000.\0001\000\040\000M\000e\000r\000t\000o\000n\000\040\060\342\060\307\060\353\060\156\127\372\147\054\151\313\220\040}{appendix*.124}% 73
\BOOKMARK [1][-]{section*.127}{\376\377\000A\000.\0002\000\040\120\022\165\043\225\276\120\044\060\156\152\031\156\226\153\143\211\217\122\006\136\003\060\170\060\156\121\231\120\317}{appendix*.124}% 74
\BOOKMARK [0][-]{appendix*.135}{\376\377\116\330\223\062\000\040\000B\377\032\120\022\165\043\170\272\163\207\060\156\173\111\232\330\175\332\126\363\060\112\060\210\060\163\135\356\122\006\126\363}{}% 75
\BOOKMARK [1][-]{section*.136}{\376\377\000B\000.\0001\000\040\060\261\060\374\060\271\122\045\173\111\232\330\175\332\126\363\377\010\000A\060\034\000F\377\011}{appendix*.135}% 76
\BOOKMARK [1][-]{section*.143}{\376\377\000B\000.\0002\000\040\135\356\122\006\126\363\377\010\000B\042\022\000C\000\040\060\112\060\210\060\163\000\040\000F\042\022\000E\377\011}{appendix*.135}% 77
\BOOKMARK [0][-]{appendix*.148}{\376\377\116\330\223\062\000\040\000C\377\032\000B\000\046\000S\000\040\143\250\133\232\137\017\060\153\127\372\060\145\060\117\000\040\000p\000r\000o\000x\000y\000\040\131\245\137\123\140\047\060\267\060\337\060\345\060\354\060\374\060\267\060\347\060\363}{}% 78
\BOOKMARK [1][-]{section*.149}{\376\377\000C\000.\0001\060\000\122\006\147\220\060\156\166\356\166\204\060\150\151\202\211\201}{appendix*.148}% 79
\BOOKMARK [1][-]{section*.155}{\376\377\000C\000.\0002\060\000\000B\000\046\000S\000\040\143\250\133\232\137\017\060\267\060\337\060\345\060\354\060\374\060\267\060\347\060\363\175\120\147\234\060\156\123\357\211\226\123\026}{appendix*.148}% 80
\BOOKMARK [0][-]{appendix*.164}{\376\377\116\330\223\062\000\040\000D\377\032\120\022\165\043\117\001\151\155\060\156\214\270\120\037\133\376\161\147\210\150\377\010\133\230\130\061\154\172\173\227\121\154\124\112\377\011}{}% 81
\BOOKMARK [1][-]{section*.165}{\376\377\000D\000-\0001\000\040\377\010\150\052\377\011\000F\000-\000P\000o\000w\000e\000r\060\156\214\270\120\037\133\376\161\147\210\150}{appendix*.164}% 82
\BOOKMARK [1][-]{section*.167}{\376\377\000D\000-\0001\000\040\377\010\150\052\377\011\000F\000-\000P\000o\000w\000e\000r\060\156\214\270\120\037\133\376\161\147\210\150}{appendix*.164}% 83
\BOOKMARK [1][-]{section*.169}{\376\377\000D\000-\0003\000\040\377\010\150\052\377\011\060\267\060\312\060\270\060\242\060\321\060\357\060\374\060\156\214\270\120\037\133\376\161\147\210\150}{appendix*.164}% 84
\BOOKMARK [1][-]{section*.171}{\376\377\000D\000-\0004\000\040\377\010\150\052\377\011\060\250\060\325\060\250\060\315\060\156\214\270\120\037\133\376\161\147\210\150}{appendix*.164}% 85
\BOOKMARK [1][-]{section*.173}{\376\377\000D\000-\0005\000\040\155\070\226\175\226\373\152\137\377\010\163\376\377\032\060\267\060\363\060\373\060\250\060\312\060\270\060\374\377\011\214\270\120\037\133\376\161\147\210\150}{appendix*.164}% 86
\BOOKMARK [0][-]{appendix*.175}{\376\377\116\330\223\062\000\040\000E\377\032\136\002\130\064\060\307\060\374\060\277\060\112\060\210\060\163\136\002\130\064\060\267\060\347\060\303\060\257\143\007\152\031\377\010\377\011\060\156\151\313\173\311\145\271\154\325}{}% 87
\BOOKMARK [1][-]{section*.176}{\376\377\000E\000.\0001\000\040\000J\000E\000P\000X\000\040\060\271\060\335\060\303\060\310\117\241\150\074\060\307\060\374\060\277\060\156\123\326\137\227\145\271\154\325}{appendix*.175}% 88
\BOOKMARK [1][-]{section*.177}{\376\377\000E\000.\0002\000\040\145\345\153\041\152\031\156\226\120\117\135\356\377\010\000d\000a\000i\000l\000y\377\011\060\156\173\227\121\372\145\271\154\325}{appendix*.175}% 89
\BOOKMARK [1][-]{section*.178}{\376\377\000E\000.\0003\000\040\147\010\153\041\136\002\130\064\060\267\060\347\060\303\060\257\377\010\000m\000o\000n\000t\000h\000l\000y\377\011\060\156\173\227\121\372\145\271\154\325}{appendix*.175}% 90
\BOOKMARK [1][-]{section*.179}{\376\377\000E\000.\0004\000\040\117\241\150\074\060\307\060\374\060\277\060\156\117\213\171\072}{appendix*.175}% 91
\BOOKMARK [1][-]{section*.181}{\376\377\000E\000.\0005\000\040\136\002\130\064\060\267\060\347\060\303\060\257\143\007\152\031\377\010\377\011\060\156\143\250\171\373}{appendix*.175}% 92
\BOOKMARK [1][-]{section*.183}{\376\377\000E\000.\0006\000\040\060\307\060\374\060\277\122\051\165\050\116\012\060\156\165\131\141\017\160\271}{appendix*.175}% 93
\BOOKMARK [1][-]{section*.184}{\376\377\000E\000.\0007\000\040\212\030\217\360\175\161\212\010\060\156\173\227\121\372\145\271\154\325}{appendix*.175}% 94
\BOOKMARK [0][-]{appendix*.185}{\376\377\116\330\223\062\000\040\000F\377\032\000M\000e\000r\000t\000o\000n\000\040\127\213\151\313\220\040\060\342\060\307\060\353\060\150\000\040\000B\000\046\000S\000\040\143\250\133\232\137\017\060\156\145\160\133\146\166\204\225\242\117\302}{}% 95
\BOOKMARK [1][-]{section*.186}{\376\377\000F\000.\0001\060\000\000M\000e\000r\000t\000o\000n\000\040\127\213\151\313\220\040\060\342\060\307\060\353\060\150\120\022\165\043\215\335\226\342\000\040\000D\000D}{appendix*.185}% 96
\BOOKMARK [1][-]{section*.187}{\376\377\000F\000.\0002\060\000\000B\000\046\000S\000\040\143\250\133\232\137\017\060\150\060\355\060\270\060\303\060\310\060\342\060\307\060\353}{appendix*.185}% 97
\BOOKMARK [1][-]{section*.188}{\376\377\000F\000.\0003\060\000\147\054\170\024\172\166\060\156\157\134\127\050\131\011\145\160\060\342\060\307\060\353\060\150\060\156\143\245\175\232}{appendix*.185}% 98
\BOOKMARK [1][-]{section*.190}{\376\377\000F\000.\0004\060\000\145\160\133\146\166\204\123\263\133\306\140\047\060\150\147\054\170\024\172\166\060\156\117\115\177\156\060\145\060\121}{appendix*.185}% 99
